  1 "{" meta.braces.tynix punctuation.section.braces.begin.tynix
  2 "lib" meta.braces.tynix variable.parameter.tynix
  2 "," meta.braces.tynix punctuation.separator.comma.tynix
  3 "stdenv" meta.braces.tynix variable.parameter.tynix
  3 "," meta.braces.tynix punctuation.separator.comma.tynix
  4 "fetchurl" meta.braces.tynix variable.parameter.tynix
  4 "?" meta.braces.tynix keyword.operator.default.tynix
  4 "null" meta.braces.tynix constant.language.null.tynix
  4 "," meta.braces.tynix punctuation.separator.comma.tynix
  5 "..." meta.braces.tynix keyword.operator.ellipsis.tynix
  6 "}" meta.braces.tynix punctuation.section.braces.end.tynix
  6 ":" storage.type.function.arrow.tynix
  8 "stdenv" variable.other.readwrite.tynix
  8 "." punctuation.accessor.tynix
  8 "mkDerivation" variable.other.property.tynix
  8 "rec" storage.modifier.rec.tynix
  8 "{" meta.braces.tynix punctuation.section.braces.begin.tynix
  9 "pname" meta.braces.tynix meta.binding.tynix entity.other.attribute-name.tynix
  9 "=" meta.braces.tynix meta.binding.tynix keyword.operator.assignment.tynix
  9 "\"" meta.braces.tynix meta.binding.tynix string.quoted.double.tynix punctuation.definition.string.begin.tynix
  9 "hello" meta.braces.tynix meta.binding.tynix string.quoted.double.tynix
  9 "\"" meta.braces.tynix meta.binding.tynix string.quoted.double.tynix punctuation.definition.string.end.tynix
  9 ";" meta.braces.tynix meta.binding.tynix punctuation.terminator.binding.tynix
 10 "version" meta.braces.tynix meta.binding.tynix entity.other.attribute-name.tynix
 10 "=" meta.braces.tynix meta.binding.tynix keyword.operator.assignment.tynix
 10 "\"" meta.braces.tynix meta.binding.tynix string.quoted.double.tynix punctuation.definition.string.begin.tynix
 10 "2.12" meta.braces.tynix meta.binding.tynix string.quoted.double.tynix
 10 "\"" meta.braces.tynix meta.binding.tynix string.quoted.double.tynix punctuation.definition.string.end.tynix
 10 ";" meta.braces.tynix meta.binding.tynix punctuation.terminator.binding.tynix
 11 "src" meta.braces.tynix meta.binding.tynix entity.other.attribute-name.tynix
 11 "=" meta.braces.tynix meta.binding.tynix keyword.operator.assignment.tynix
 11 "fetchurl" meta.braces.tynix meta.binding.tynix variable.other.readwrite.tynix
 11 "{" meta.braces.tynix meta.binding.tynix meta.braces.tynix punctuation.section.braces.begin.tynix
 12 "url" meta.braces.tynix meta.binding.tynix meta.braces.tynix meta.binding.tynix entity.other.attribute-name.tynix
 12 "=" meta.braces.tynix meta.binding.tynix meta.braces.tynix meta.binding.tynix keyword.operator.assignment.tynix
 12 "\"" meta.braces.tynix meta.binding.tynix meta.braces.tynix meta.binding.tynix string.quoted.double.tynix punctuation.definition.string.begin.tynix
 12 "mirror://gnu/hello/" meta.braces.tynix meta.binding.tynix meta.braces.tynix meta.binding.tynix string.quoted.double.tynix
 12 "${" meta.braces.tynix meta.binding.tynix meta.braces.tynix meta.binding.tynix string.quoted.double.tynix meta.embedded.interpolation.tynix punctuation.section.embedded.begin.tynix
 12 "pname" meta.braces.tynix meta.binding.tynix meta.braces.tynix meta.binding.tynix string.quoted.double.tynix meta.embedded.interpolation.tynix variable.other.readwrite.tynix
 12 "}" meta.braces.tynix meta.binding.tynix meta.braces.tynix meta.binding.tynix string.quoted.double.tynix meta.embedded.interpolation.tynix punctuation.section.embedded.end.tynix
 12 "-" meta.braces.tynix meta.binding.tynix meta.braces.tynix meta.binding.tynix string.quoted.double.tynix
 12 "${" meta.braces.tynix meta.binding.tynix meta.braces.tynix meta.binding.tynix string.quoted.double.tynix meta.embedded.interpolation.tynix punctuation.section.embedded.begin.tynix
 12 "version" meta.braces.tynix meta.binding.tynix meta.braces.tynix meta.binding.tynix string.quoted.double.tynix meta.embedded.interpolation.tynix variable.other.readwrite.tynix
 12 "}" meta.braces.tynix meta.binding.tynix meta.braces.tynix meta.binding.tynix string.quoted.double.tynix meta.embedded.interpolation.tynix punctuation.section.embedded.end.tynix
 12 ".tar.gz" meta.braces.tynix meta.binding.tynix meta.braces.tynix meta.binding.tynix string.quoted.double.tynix
 12 "\"" meta.braces.tynix meta.binding.tynix meta.braces.tynix meta.binding.tynix string.quoted.double.tynix punctuation.definition.string.end.tynix
 12 ";" meta.braces.tynix meta.binding.tynix meta.braces.tynix meta.binding.tynix punctuation.terminator.binding.tynix
 13 "hash" meta.braces.tynix meta.binding.tynix meta.braces.tynix meta.binding.tynix entity.other.attribute-name.tynix
 13 "=" meta.braces.tynix meta.binding.tynix meta.braces.tynix meta.binding.tynix keyword.operator.assignment.tynix
 13 "\"" meta.braces.tynix meta.binding.tynix meta.braces.tynix meta.binding.tynix string.quoted.double.tynix punctuation.definition.string.begin.tynix
 13 "sha256-AAAA" meta.braces.tynix meta.binding.tynix meta.braces.tynix meta.binding.tynix string.quoted.double.tynix
 13 "\"" meta.braces.tynix meta.binding.tynix meta.braces.tynix meta.binding.tynix string.quoted.double.tynix punctuation.definition.string.end.tynix
 13 ";" meta.braces.tynix meta.binding.tynix meta.braces.tynix meta.binding.tynix punctuation.terminator.binding.tynix
 14 "}" meta.braces.tynix meta.binding.tynix meta.braces.tynix punctuation.section.braces.end.tynix
 14 ";" meta.braces.tynix meta.binding.tynix punctuation.terminator.binding.tynix
 15 "buildPhase" meta.braces.tynix meta.binding.tynix entity.other.attribute-name.tynix
 15 "=" meta.braces.tynix meta.binding.tynix keyword.operator.assignment.tynix
 15 "''" meta.braces.tynix meta.binding.tynix string.quoted.other.indented.tynix punctuation.definition.string.begin.tynix
 16 "    make -j$NIX_BUILD_CORES" meta.braces.tynix meta.binding.tynix string.quoted.other.indented.tynix
 17 "''" meta.braces.tynix meta.binding.tynix string.quoted.other.indented.tynix punctuation.definition.string.end.tynix
 17 ";" meta.braces.tynix meta.binding.tynix punctuation.terminator.binding.tynix
 18 "meta" meta.braces.tynix meta.binding.tynix entity.other.attribute-name.tynix
 18 "=" meta.braces.tynix meta.binding.tynix keyword.operator.assignment.tynix
 18 "with" meta.braces.tynix meta.binding.tynix meta.with.tynix keyword.other.with.tynix
 18 "lib" meta.braces.tynix meta.binding.tynix meta.with.tynix variable.other.readwrite.tynix
 18 ";" meta.braces.tynix meta.binding.tynix meta.with.tynix punctuation.terminator.with.tynix
 18 "{" meta.braces.tynix meta.binding.tynix meta.braces.tynix punctuation.section.braces.begin.tynix
 19 "description" meta.braces.tynix meta.binding.tynix meta.braces.tynix meta.binding.tynix entity.other.attribute-name.tynix
 19 "=" meta.braces.tynix meta.binding.tynix meta.braces.tynix meta.binding.tynix keyword.operator.assignment.tynix
 19 "\"" meta.braces.tynix meta.binding.tynix meta.braces.tynix meta.binding.tynix string.quoted.double.tynix punctuation.definition.string.begin.tynix
 19 "A program that produces a familiar, friendly greeting" meta.braces.tynix meta.binding.tynix meta.braces.tynix meta.binding.tynix string.quoted.double.tynix
 19 "\"" meta.braces.tynix meta.binding.tynix meta.braces.tynix meta.binding.tynix string.quoted.double.tynix punctuation.definition.string.end.tynix
 19 ";" meta.braces.tynix meta.binding.tynix meta.braces.tynix meta.binding.tynix punctuation.terminator.binding.tynix
 20 "platforms" meta.braces.tynix meta.binding.tynix meta.braces.tynix meta.binding.tynix entity.other.attribute-name.tynix
 20 "=" meta.braces.tynix meta.binding.tynix meta.braces.tynix meta.binding.tynix keyword.operator.assignment.tynix
 20 "platforms" meta.braces.tynix meta.binding.tynix meta.braces.tynix meta.binding.tynix variable.other.readwrite.tynix
 20 "." meta.braces.tynix meta.binding.tynix meta.braces.tynix meta.binding.tynix punctuation.accessor.tynix
 20 "all" meta.braces.tynix meta.binding.tynix meta.braces.tynix meta.binding.tynix variable.other.property.tynix
 20 ";" meta.braces.tynix meta.binding.tynix meta.braces.tynix meta.binding.tynix punctuation.terminator.binding.tynix
 21 "}" meta.braces.tynix meta.binding.tynix meta.braces.tynix punctuation.section.braces.end.tynix
 21 ";" meta.braces.tynix meta.binding.tynix punctuation.terminator.binding.tynix
 22 "}" meta.braces.tynix punctuation.section.braces.end.tynix
