  1 "let" keyword.other.let.tnix
  2 "simple" meta.binding.tnix entity.other.attribute-name.tnix
  2 "=" meta.binding.tnix keyword.operator.assignment.tnix
  2 "\"" meta.binding.tnix string.quoted.double.tnix punctuation.definition.string.begin.tnix
  2 "hello " meta.binding.tnix string.quoted.double.tnix
  2 "\\\"" meta.binding.tnix string.quoted.double.tnix constant.character.escape.tnix
  2 "world" meta.binding.tnix string.quoted.double.tnix
  2 "\\\"" meta.binding.tnix string.quoted.double.tnix constant.character.escape.tnix
  2 "\\n" meta.binding.tnix string.quoted.double.tnix constant.character.escape.tnix
  2 "\\$" meta.binding.tnix string.quoted.double.tnix constant.character.escape.tnix
  2 "{not} " meta.binding.tnix string.quoted.double.tnix
  2 "${" meta.binding.tnix string.quoted.double.tnix meta.embedded.interpolation.tnix punctuation.section.embedded.begin.tnix
  2 "name" meta.binding.tnix string.quoted.double.tnix meta.embedded.interpolation.tnix variable.other.readwrite.tnix
  2 "}" meta.binding.tnix string.quoted.double.tnix meta.embedded.interpolation.tnix punctuation.section.embedded.end.tnix
  2 "!" meta.binding.tnix string.quoted.double.tnix
  2 "\"" meta.binding.tnix string.quoted.double.tnix punctuation.definition.string.end.tnix
  2 ";" meta.binding.tnix punctuation.terminator.binding.tnix
  3 "nested" meta.binding.tnix entity.other.attribute-name.tnix
  3 "=" meta.binding.tnix keyword.operator.assignment.tnix
  3 "\"" meta.binding.tnix string.quoted.double.tnix punctuation.definition.string.begin.tnix
  3 "outer " meta.binding.tnix string.quoted.double.tnix
  3 "${" meta.binding.tnix string.quoted.double.tnix meta.embedded.interpolation.tnix punctuation.section.embedded.begin.tnix
  3 "\"" meta.binding.tnix string.quoted.double.tnix meta.embedded.interpolation.tnix string.quoted.double.tnix punctuation.definition.string.begin.tnix
  3 "inner " meta.binding.tnix string.quoted.double.tnix meta.embedded.interpolation.tnix string.quoted.double.tnix
  3 "${" meta.binding.tnix string.quoted.double.tnix meta.embedded.interpolation.tnix string.quoted.double.tnix meta.embedded.interpolation.tnix punctuation.section.embedded.begin.tnix
  3 "toString" meta.binding.tnix string.quoted.double.tnix meta.embedded.interpolation.tnix string.quoted.double.tnix meta.embedded.interpolation.tnix support.function.builtin.tnix
  3 "1" meta.binding.tnix string.quoted.double.tnix meta.embedded.interpolation.tnix string.quoted.double.tnix meta.embedded.interpolation.tnix constant.numeric.integer.tnix
  3 "}" meta.binding.tnix string.quoted.double.tnix meta.embedded.interpolation.tnix string.quoted.double.tnix meta.embedded.interpolation.tnix punctuation.section.embedded.end.tnix
  3 "\"" meta.binding.tnix string.quoted.double.tnix meta.embedded.interpolation.tnix string.quoted.double.tnix punctuation.definition.string.end.tnix
  3 "}" meta.binding.tnix string.quoted.double.tnix meta.embedded.interpolation.tnix punctuation.section.embedded.end.tnix
  3 " end" meta.binding.tnix string.quoted.double.tnix
  3 "\"" meta.binding.tnix string.quoted.double.tnix punctuation.definition.string.end.tnix
  3 ";" meta.binding.tnix punctuation.terminator.binding.tnix
  4 "indented" meta.binding.tnix entity.other.attribute-name.tnix
  4 "=" meta.binding.tnix keyword.operator.assignment.tnix
  4 "''" meta.binding.tnix string.quoted.other.indented.tnix punctuation.definition.string.begin.tnix
  5 "    echo " meta.binding.tnix string.quoted.other.indented.tnix
  5 "${" meta.binding.tnix string.quoted.other.indented.tnix meta.embedded.interpolation.tnix punctuation.section.embedded.begin.tnix
  5 "pkgs" meta.binding.tnix string.quoted.other.indented.tnix meta.embedded.interpolation.tnix variable.other.readwrite.tnix
  5 "." meta.binding.tnix string.quoted.other.indented.tnix meta.embedded.interpolation.tnix punctuation.accessor.tnix
  5 "hello" meta.binding.tnix string.quoted.other.indented.tnix meta.embedded.interpolation.tnix variable.other.property.tnix
  5 "}" meta.binding.tnix string.quoted.other.indented.tnix meta.embedded.interpolation.tnix punctuation.section.embedded.end.tnix
  5 "/bin/hello" meta.binding.tnix string.quoted.other.indented.tnix
  6 "    literal: " meta.binding.tnix string.quoted.other.indented.tnix
  6 "''$" meta.binding.tnix string.quoted.other.indented.tnix constant.character.escape.tnix
  6 "{notInterpolated} and " meta.binding.tnix string.quoted.other.indented.tnix
  6 "'''" meta.binding.tnix string.quoted.other.indented.tnix constant.character.escape.tnix
  6 " quotes " meta.binding.tnix string.quoted.other.indented.tnix
  6 "''\\n" meta.binding.tnix string.quoted.other.indented.tnix constant.character.escape.tnix
  6 " escaped" meta.binding.tnix string.quoted.other.indented.tnix
  7 "    $HOME stays; semicolons too" meta.binding.tnix string.quoted.other.indented.tnix
  8 "''" meta.binding.tnix string.quoted.other.indented.tnix punctuation.definition.string.end.tnix
  8 ";" meta.binding.tnix punctuation.terminator.binding.tnix
  9 "relative" meta.binding.tnix entity.other.attribute-name.tnix
  9 "=" meta.binding.tnix keyword.operator.assignment.tnix
  9 "./foo/bar.nix" meta.binding.tnix string.unquoted.path.tnix
  9 ";" meta.binding.tnix punctuation.terminator.binding.tnix
 10 "parent" meta.binding.tnix entity.other.attribute-name.tnix
 10 "=" meta.binding.tnix keyword.operator.assignment.tnix
 10 "../lib" meta.binding.tnix string.unquoted.path.tnix
 10 ";" meta.binding.tnix punctuation.terminator.binding.tnix
 11 "absolute" meta.binding.tnix entity.other.attribute-name.tnix
 11 "=" meta.binding.tnix keyword.operator.assignment.tnix
 11 "/etc/hosts" meta.binding.tnix string.unquoted.path.tnix
 11 ";" meta.binding.tnix punctuation.terminator.binding.tnix
 12 "home" meta.binding.tnix entity.other.attribute-name.tnix
 12 "=" meta.binding.tnix keyword.operator.assignment.tnix
 12 "~/.config/nixpkgs" meta.binding.tnix string.unquoted.path.tnix
 12 ";" meta.binding.tnix punctuation.terminator.binding.tnix
 13 "search" meta.binding.tnix entity.other.attribute-name.tnix
 13 "=" meta.binding.tnix keyword.operator.assignment.tnix
 13 "<nixpkgs>" meta.binding.tnix string.unquoted.spath.tnix
 13 ";" meta.binding.tnix punctuation.terminator.binding.tnix
 14 "searchSub" meta.binding.tnix entity.other.attribute-name.tnix
 14 "=" meta.binding.tnix keyword.operator.assignment.tnix
 14 "<nixpkgs/lib>" meta.binding.tnix string.unquoted.spath.tnix
 14 ";" meta.binding.tnix punctuation.terminator.binding.tnix
 15 "dynamicPath" meta.binding.tnix entity.other.attribute-name.tnix
 15 "=" meta.binding.tnix keyword.operator.assignment.tnix
 15 "./pkgs/" meta.binding.tnix string.unquoted.path.tnix
 15 "${" meta.binding.tnix string.unquoted.path.tnix meta.embedded.interpolation.tnix punctuation.section.embedded.begin.tnix
 15 "name" meta.binding.tnix string.unquoted.path.tnix meta.embedded.interpolation.tnix variable.other.readwrite.tnix
 15 "}" meta.binding.tnix string.unquoted.path.tnix meta.embedded.interpolation.tnix punctuation.section.embedded.end.tnix
 15 "/default.nix" meta.binding.tnix string.unquoted.path.tnix
 15 ";" meta.binding.tnix punctuation.terminator.binding.tnix
 16 "url" meta.binding.tnix entity.other.attribute-name.tnix
 16 "=" meta.binding.tnix keyword.operator.assignment.tnix
 16 "https://example.com/archive.tar.gz" meta.binding.tnix string.unquoted.uri.tnix
 16 ";" meta.binding.tnix punctuation.terminator.binding.tnix
 17 "flakeRef" meta.binding.tnix entity.other.attribute-name.tnix
 17 "=" meta.binding.tnix keyword.operator.assignment.tnix
 17 "github:NixOS/nixpkgs" meta.binding.tnix string.unquoted.uri.tnix
 17 ";" meta.binding.tnix punctuation.terminator.binding.tnix
 18 "update" meta.binding.tnix entity.other.attribute-name.tnix
 18 "=" meta.binding.tnix keyword.operator.assignment.tnix
 18 "a" meta.binding.tnix variable.other.readwrite.tnix
 18 "//" meta.binding.tnix keyword.operator.update.tnix
 18 "b" meta.binding.tnix variable.other.readwrite.tnix
 18 ";" meta.binding.tnix punctuation.terminator.binding.tnix
 19 "division" meta.binding.tnix entity.other.attribute-name.tnix
 19 "=" meta.binding.tnix keyword.operator.assignment.tnix
 19 "a" meta.binding.tnix variable.other.readwrite.tnix
 19 "/" meta.binding.tnix keyword.operator.arithmetic.tnix
 19 "b" meta.binding.tnix variable.other.readwrite.tnix
 19 ";" meta.binding.tnix punctuation.terminator.binding.tnix
 20 "in" keyword.other.in.tnix
 20 "simple" variable.other.readwrite.tnix
