  1 "let" keyword.other.let.tnix
  2 "#" comment.line.number-sign.directive.tnix punctuation.definition.comment.tnix
  2 "@tnix-expected" comment.line.number-sign.directive.tnix keyword.control.directive.tnix
  3 "value" meta.signature.tnix entity.name.function.tnix
  3 "::" meta.signature.tnix keyword.operator.type.annotation.tnix
  3 "Int" meta.signature.tnix support.type.primitive.tnix
  3 ";" meta.signature.tnix punctuation.terminator.signature.tnix
  4 "value" meta.binding.tnix entity.other.attribute-name.tnix
  4 "=" meta.binding.tnix keyword.operator.assignment.tnix
  4 "\"" meta.binding.tnix string.quoted.double.tnix punctuation.definition.string.begin.tnix
  4 "oops" meta.binding.tnix string.quoted.double.tnix
  4 "\"" meta.binding.tnix string.quoted.double.tnix punctuation.definition.string.end.tnix
  4 ";" meta.binding.tnix punctuation.terminator.binding.tnix
  6 "#" comment.line.number-sign.directive.tnix punctuation.definition.comment.tnix
  6 "@tnix-ignore" comment.line.number-sign.directive.tnix keyword.control.directive.tnix
  7 "other" meta.binding.tnix entity.other.attribute-name.tnix
  7 "=" meta.binding.tnix keyword.operator.assignment.tnix
  7 "missing" meta.binding.tnix variable.other.readwrite.tnix
  7 ";" meta.binding.tnix punctuation.terminator.binding.tnix
  9 "id" meta.signature.tnix entity.name.function.tnix
  9 "::" meta.signature.tnix keyword.operator.type.annotation.tnix
  9 "forall" meta.signature.tnix keyword.other.forall.tnix
  9 "a" meta.signature.tnix entity.name.type.parameter.tnix
  9 "." meta.signature.tnix punctuation.separator.forall.tnix
  9 "a" meta.signature.tnix entity.name.type.parameter.tnix
  9 "->" meta.signature.tnix storage.type.function.arrow.tnix
  9 "a" meta.signature.tnix entity.name.type.parameter.tnix
  9 ";" meta.signature.tnix punctuation.terminator.signature.tnix
 10 "id" meta.binding.tnix entity.name.function.tnix
 10 "=" meta.binding.tnix keyword.operator.assignment.tnix
 10 "x" meta.binding.tnix variable.parameter.tnix
 10 ":" meta.binding.tnix storage.type.function.arrow.tnix
 10 "x" meta.binding.tnix variable.other.readwrite.tnix
 10 ";" meta.binding.tnix punctuation.terminator.binding.tnix
 12 "consume" meta.signature.tnix entity.name.function.tnix
 12 "::" meta.signature.tnix keyword.operator.type.annotation.tnix
 12 "Int" meta.signature.tnix support.type.primitive.tnix
 12 "%1" meta.signature.tnix storage.modifier.linear.tnix
 12 "->" meta.signature.tnix storage.type.function.arrow.tnix
 12 "Int" meta.signature.tnix support.type.primitive.tnix
 12 ";" meta.signature.tnix punctuation.terminator.signature.tnix
 13 "consume" meta.binding.tnix entity.name.function.tnix
 13 "=" meta.binding.tnix keyword.operator.assignment.tnix
 13 "(" meta.binding.tnix meta.parameter.typed.tnix punctuation.section.parens.begin.tnix
 13 "x" meta.binding.tnix meta.parameter.typed.tnix variable.parameter.tnix
 13 "::" meta.binding.tnix meta.parameter.typed.tnix keyword.operator.type.annotation.tnix
 13 "Int" meta.binding.tnix meta.parameter.typed.tnix support.type.primitive.tnix
 13 ")" meta.binding.tnix meta.parameter.typed.tnix punctuation.section.parens.end.tnix
 13 ":" meta.binding.tnix storage.type.function.arrow.tnix
 13 "x" meta.binding.tnix variable.other.readwrite.tnix
 13 ";" meta.binding.tnix punctuation.terminator.binding.tnix
 15 "fromUnknown" meta.signature.tnix entity.name.function.tnix
 15 "::" meta.signature.tnix keyword.operator.type.annotation.tnix
 15 "unknown" meta.signature.tnix support.type.primitive.gradual.tnix
 15 ";" meta.signature.tnix punctuation.terminator.signature.tnix
 16 "fromUnknown" meta.binding.tnix entity.other.attribute-name.tnix
 16 "=" meta.binding.tnix keyword.operator.assignment.tnix
 16 "1" meta.binding.tnix constant.numeric.integer.tnix
 16 ";" meta.binding.tnix punctuation.terminator.binding.tnix
 18 "mkGreeting" meta.binding.tnix entity.name.function.tnix
 18 "=" meta.binding.tnix keyword.operator.assignment.tnix
 18 "{" meta.binding.tnix meta.braces.tnix punctuation.section.braces.begin.tnix
 18 "name" meta.binding.tnix meta.braces.tnix variable.parameter.tnix
 18 "," meta.binding.tnix meta.braces.tnix punctuation.separator.comma.tnix
 18 "greeting" meta.binding.tnix meta.braces.tnix variable.parameter.tnix
 18 "?" meta.binding.tnix meta.braces.tnix keyword.operator.default.tnix
 18 "\"" meta.binding.tnix meta.braces.tnix string.quoted.double.tnix punctuation.definition.string.begin.tnix
 18 "hi" meta.binding.tnix meta.braces.tnix string.quoted.double.tnix
 18 "\"" meta.binding.tnix meta.braces.tnix string.quoted.double.tnix punctuation.definition.string.end.tnix
 18 "," meta.binding.tnix meta.braces.tnix punctuation.separator.comma.tnix
 18 "..." meta.binding.tnix meta.braces.tnix keyword.operator.ellipsis.tnix
 18 "}" meta.binding.tnix meta.braces.tnix punctuation.section.braces.end.tnix
 18 ":" meta.binding.tnix storage.type.function.arrow.tnix
 18 "\"" meta.binding.tnix string.quoted.double.tnix punctuation.definition.string.begin.tnix
 18 "${" meta.binding.tnix string.quoted.double.tnix meta.embedded.interpolation.tnix punctuation.section.embedded.begin.tnix
 18 "greeting" meta.binding.tnix string.quoted.double.tnix meta.embedded.interpolation.tnix variable.other.readwrite.tnix
 18 "}" meta.binding.tnix string.quoted.double.tnix meta.embedded.interpolation.tnix punctuation.section.embedded.end.tnix
 18 "${" meta.binding.tnix string.quoted.double.tnix meta.embedded.interpolation.tnix punctuation.section.embedded.begin.tnix
 18 "name" meta.binding.tnix string.quoted.double.tnix meta.embedded.interpolation.tnix variable.other.readwrite.tnix
 18 "}" meta.binding.tnix string.quoted.double.tnix meta.embedded.interpolation.tnix punctuation.section.embedded.end.tnix
 18 "\"" meta.binding.tnix string.quoted.double.tnix punctuation.definition.string.end.tnix
 18 ";" meta.binding.tnix punctuation.terminator.binding.tnix
 19 "widened" meta.binding.tnix entity.other.attribute-name.tnix
 19 "=" meta.binding.tnix keyword.operator.assignment.tnix
 19 "1" meta.binding.tnix constant.numeric.integer.tnix
 19 "as" meta.binding.tnix meta.cast.tnix keyword.control.as.tnix
 19 "Number" meta.binding.tnix meta.cast.tnix support.type.primitive.tnix
 19 ";" meta.binding.tnix punctuation.terminator.binding.tnix
 20 "narrowed" meta.binding.tnix entity.other.attribute-name.tnix
 20 "=" meta.binding.tnix keyword.operator.assignment.tnix
 20 "payload" meta.binding.tnix variable.other.readwrite.tnix
 20 "as" meta.binding.tnix meta.cast.tnix keyword.control.as.tnix
 20 "{" meta.binding.tnix meta.cast.tnix meta.type.record.tnix punctuation.section.braces.begin.tnix
 20 "value" meta.binding.tnix meta.cast.tnix meta.type.record.tnix meta.type.field.tnix entity.other.attribute-name.tnix
 20 "::" meta.binding.tnix meta.cast.tnix meta.type.record.tnix meta.type.field.tnix keyword.operator.type.annotation.tnix
 20 "String" meta.binding.tnix meta.cast.tnix meta.type.record.tnix meta.type.field.tnix support.type.primitive.tnix
 20 ";" meta.binding.tnix meta.cast.tnix meta.type.record.tnix meta.type.field.tnix punctuation.terminator.field.tnix
 20 "}" meta.binding.tnix meta.cast.tnix meta.type.record.tnix punctuation.section.braces.end.tnix
 20 ";" meta.binding.tnix punctuation.terminator.binding.tnix
 21 "chained" meta.binding.tnix entity.other.attribute-name.tnix
 21 "=" meta.binding.tnix keyword.operator.assignment.tnix
 21 "(" meta.binding.tnix punctuation.section.parens.begin.tnix
 21 "import" meta.binding.tnix keyword.control.import.tnix
 21 "./opaque.nix" meta.binding.tnix string.unquoted.path.tnix
 21 ")" meta.binding.tnix punctuation.section.parens.end.tnix
 21 "as" meta.binding.tnix meta.cast.tnix keyword.control.as.tnix
 21 "dynamic" meta.binding.tnix meta.cast.tnix support.type.primitive.gradual.tnix
 21 "as" meta.binding.tnix meta.cast.tnix keyword.control.as.tnix
 21 "Int" meta.binding.tnix meta.cast.tnix support.type.primitive.tnix
 21 ";" meta.binding.tnix punctuation.terminator.binding.tnix
 22 "in" keyword.other.in.tnix
 22 "{" meta.braces.tnix punctuation.section.braces.begin.tnix
 23 "int" meta.braces.tnix meta.binding.tnix entity.other.attribute-name.tnix
 23 "=" meta.braces.tnix meta.binding.tnix keyword.operator.assignment.tnix
 23 "id" meta.braces.tnix meta.binding.tnix variable.other.readwrite.tnix
 23 "1" meta.braces.tnix meta.binding.tnix constant.numeric.integer.tnix
 23 ";" meta.braces.tnix meta.binding.tnix punctuation.terminator.binding.tnix
 24 "result" meta.braces.tnix meta.binding.tnix entity.other.attribute-name.tnix
 24 "=" meta.braces.tnix meta.binding.tnix keyword.operator.assignment.tnix
 24 "fromUnknown" meta.braces.tnix meta.binding.tnix variable.other.readwrite.tnix
 24 "as" meta.braces.tnix meta.binding.tnix meta.cast.tnix keyword.control.as.tnix
 24 "Int" meta.braces.tnix meta.binding.tnix meta.cast.tnix support.type.primitive.tnix
 24 ";" meta.braces.tnix meta.binding.tnix punctuation.terminator.binding.tnix
 25 "typed" meta.braces.tnix meta.binding.tnix entity.other.attribute-name.tnix
 25 "=" meta.braces.tnix meta.binding.tnix keyword.operator.assignment.tnix
 25 "[" meta.braces.tnix meta.binding.tnix meta.list.tnix punctuation.section.brackets.begin.tnix
 25 "(" meta.braces.tnix meta.binding.tnix meta.list.tnix punctuation.section.parens.begin.tnix
 25 "consume" meta.braces.tnix meta.binding.tnix meta.list.tnix variable.other.readwrite.tnix
 25 "1" meta.braces.tnix meta.binding.tnix meta.list.tnix constant.numeric.integer.tnix
 25 "as" meta.braces.tnix meta.binding.tnix meta.list.tnix meta.cast.tnix keyword.control.as.tnix
 25 "Int" meta.braces.tnix meta.binding.tnix meta.list.tnix meta.cast.tnix support.type.primitive.tnix
 25 ")" meta.braces.tnix meta.binding.tnix meta.list.tnix punctuation.section.parens.end.tnix
 25 "]" meta.braces.tnix meta.binding.tnix meta.list.tnix punctuation.section.brackets.end.tnix
 25 ";" meta.braces.tnix meta.binding.tnix punctuation.terminator.binding.tnix
 26 "}" meta.braces.tnix punctuation.section.braces.end.tnix
