  1 "type" meta.type-alias.tnix storage.type.type.tnix
  1 "Option" meta.type-alias.tnix entity.name.type.alias.tnix
  1 "a" meta.type-alias.tnix entity.name.type.parameter.tnix
  1 "=" meta.type-alias.tnix keyword.operator.assignment.tnix
  1 "{" meta.type-alias.tnix meta.type.record.tnix punctuation.section.braces.begin.tnix
  1 "_tag" meta.type-alias.tnix meta.type.record.tnix meta.type.field.tnix entity.other.attribute-name.tnix
  1 "::" meta.type-alias.tnix meta.type.record.tnix meta.type.field.tnix keyword.operator.type.annotation.tnix
  1 "\"" meta.type-alias.tnix meta.type.record.tnix meta.type.field.tnix string.quoted.double.tnix punctuation.definition.string.begin.tnix
  1 "some" meta.type-alias.tnix meta.type.record.tnix meta.type.field.tnix string.quoted.double.tnix
  1 "\"" meta.type-alias.tnix meta.type.record.tnix meta.type.field.tnix string.quoted.double.tnix punctuation.definition.string.end.tnix
  1 ";" meta.type-alias.tnix meta.type.record.tnix meta.type.field.tnix punctuation.terminator.field.tnix
  1 "value" meta.type-alias.tnix meta.type.record.tnix meta.type.field.tnix entity.other.attribute-name.tnix
  1 "::" meta.type-alias.tnix meta.type.record.tnix meta.type.field.tnix keyword.operator.type.annotation.tnix
  1 "a" meta.type-alias.tnix meta.type.record.tnix meta.type.field.tnix entity.name.type.parameter.tnix
  1 ";" meta.type-alias.tnix meta.type.record.tnix meta.type.field.tnix punctuation.terminator.field.tnix
  1 "}" meta.type-alias.tnix meta.type.record.tnix punctuation.section.braces.end.tnix
  1 "|" meta.type-alias.tnix keyword.operator.type.union.tnix
  1 "{" meta.type-alias.tnix meta.type.record.tnix punctuation.section.braces.begin.tnix
  1 "_tag" meta.type-alias.tnix meta.type.record.tnix meta.type.field.tnix entity.other.attribute-name.tnix
  1 "::" meta.type-alias.tnix meta.type.record.tnix meta.type.field.tnix keyword.operator.type.annotation.tnix
  1 "\"" meta.type-alias.tnix meta.type.record.tnix meta.type.field.tnix string.quoted.double.tnix punctuation.definition.string.begin.tnix
  1 "none" meta.type-alias.tnix meta.type.record.tnix meta.type.field.tnix string.quoted.double.tnix
  1 "\"" meta.type-alias.tnix meta.type.record.tnix meta.type.field.tnix string.quoted.double.tnix punctuation.definition.string.end.tnix
  1 ";" meta.type-alias.tnix meta.type.record.tnix meta.type.field.tnix punctuation.terminator.field.tnix
  1 "}" meta.type-alias.tnix meta.type.record.tnix punctuation.section.braces.end.tnix
  1 ";" meta.type-alias.tnix punctuation.terminator.statement.tnix
  2 "type" meta.type-alias.tnix storage.type.type.tnix
  2 "Element" meta.type-alias.tnix entity.name.type.alias.tnix
  2 "t" meta.type-alias.tnix entity.name.type.parameter.tnix
  2 "=" meta.type-alias.tnix keyword.operator.assignment.tnix
  2 "t" meta.type-alias.tnix entity.name.type.parameter.tnix
  2 "extends" meta.type-alias.tnix storage.modifier.extends.tnix
  2 "List" meta.type-alias.tnix support.type.builtin.tnix
  2 "(" meta.type-alias.tnix meta.type.paren.tnix punctuation.section.parens.begin.tnix
  2 "infer" meta.type-alias.tnix meta.type.paren.tnix keyword.operator.expression.infer.tnix
  2 "a" meta.type-alias.tnix meta.type.paren.tnix entity.name.type.parameter.tnix
  2 ")" meta.type-alias.tnix meta.type.paren.tnix punctuation.section.parens.end.tnix
  2 "?" meta.type-alias.tnix keyword.operator.ternary.tnix
  2 "a" meta.type-alias.tnix entity.name.type.parameter.tnix
  2 ":" meta.type-alias.tnix keyword.operator.ternary.tnix
  2 "dynamic" meta.type-alias.tnix support.type.primitive.gradual.tnix
  2 ";" meta.type-alias.tnix punctuation.terminator.statement.tnix
  3 "type" meta.type-alias.tnix storage.type.type.tnix
  3 "Apply" meta.type-alias.tnix entity.name.type.alias.tnix
  3 "f" meta.type-alias.tnix entity.name.type.parameter.tnix
  3 "a" meta.type-alias.tnix entity.name.type.parameter.tnix
  3 "=" meta.type-alias.tnix keyword.operator.assignment.tnix
  3 "f" meta.type-alias.tnix entity.name.type.parameter.tnix
  3 "a" meta.type-alias.tnix entity.name.type.parameter.tnix
  3 ";" meta.type-alias.tnix punctuation.terminator.statement.tnix
  4 "type" meta.type-alias.tnix storage.type.type.tnix
  4 "Pair" meta.type-alias.tnix entity.name.type.alias.tnix
  4 "=" meta.type-alias.tnix keyword.operator.assignment.tnix
  4 "Tuple" meta.type-alias.tnix support.type.builtin.tnix
  4 "[" meta.type-alias.tnix meta.type.list.tnix punctuation.section.brackets.begin.tnix
  4 "Int" meta.type-alias.tnix meta.type.list.tnix support.type.primitive.tnix
  4 "String" meta.type-alias.tnix meta.type.list.tnix support.type.primitive.tnix
  4 "]" meta.type-alias.tnix meta.type.list.tnix punctuation.section.brackets.end.tnix
  4 ";" meta.type-alias.tnix punctuation.terminator.statement.tnix
  5 "type" meta.type-alias.tnix storage.type.type.tnix
  5 "NixpkgsSystem" meta.type-alias.tnix entity.name.type.alias.tnix
  5 "=" meta.type-alias.tnix keyword.operator.assignment.tnix
  6 "\"" meta.type-alias.tnix string.quoted.double.tnix punctuation.definition.string.begin.tnix
  6 "aarch64-linux" meta.type-alias.tnix string.quoted.double.tnix
  6 "\"" meta.type-alias.tnix string.quoted.double.tnix punctuation.definition.string.end.tnix
  7 "|" meta.type-alias.tnix keyword.operator.type.union.tnix
  7 "\"" meta.type-alias.tnix string.quoted.double.tnix punctuation.definition.string.begin.tnix
  7 "x86_64-darwin" meta.type-alias.tnix string.quoted.double.tnix
  7 "\"" meta.type-alias.tnix string.quoted.double.tnix punctuation.definition.string.end.tnix
  7 ";" meta.type-alias.tnix punctuation.terminator.statement.tnix
  8 "type" meta.type-alias.tnix storage.type.type.tnix
  8 "Shape" meta.type-alias.tnix entity.name.type.alias.tnix
  8 "=" meta.type-alias.tnix keyword.operator.assignment.tnix
  8 "Tensor" meta.type-alias.tnix support.type.builtin.tnix
  8 "[" meta.type-alias.tnix meta.type.list.tnix punctuation.section.brackets.begin.tnix
  8 "2" meta.type-alias.tnix meta.type.list.tnix constant.numeric.integer.tnix
  8 "3" meta.type-alias.tnix meta.type.list.tnix constant.numeric.integer.tnix
  8 "4" meta.type-alias.tnix meta.type.list.tnix constant.numeric.integer.tnix
  8 "]" meta.type-alias.tnix meta.type.list.tnix punctuation.section.brackets.end.tnix
  8 "Number" meta.type-alias.tnix support.type.primitive.tnix
  8 ";" meta.type-alias.tnix punctuation.terminator.statement.tnix
  9 "type" meta.type-alias.tnix storage.type.type.tnix
  9 "Timeout" meta.type-alias.tnix entity.name.type.alias.tnix
  9 "=" meta.type-alias.tnix keyword.operator.assignment.tnix
  9 "Unit" meta.type-alias.tnix support.type.builtin.tnix
  9 "\"" meta.type-alias.tnix string.quoted.double.tnix punctuation.definition.string.begin.tnix
  9 "ms" meta.type-alias.tnix string.quoted.double.tnix
  9 "\"" meta.type-alias.tnix string.quoted.double.tnix punctuation.definition.string.end.tnix
  9 "(" meta.type-alias.tnix meta.type.paren.tnix punctuation.section.parens.begin.tnix
  9 "Range" meta.type-alias.tnix meta.type.paren.tnix support.type.builtin.tnix
  9 "0" meta.type-alias.tnix meta.type.paren.tnix constant.numeric.integer.tnix
  9 "5000" meta.type-alias.tnix meta.type.paren.tnix constant.numeric.integer.tnix
  9 "Nat" meta.type-alias.tnix meta.type.paren.tnix support.type.primitive.tnix
  9 ")" meta.type-alias.tnix meta.type.paren.tnix punctuation.section.parens.end.tnix
  9 ";" meta.type-alias.tnix punctuation.terminator.statement.tnix
 10 "type" meta.type-alias.tnix storage.type.type.tnix
 10 "Show" meta.type-alias.tnix entity.name.type.alias.tnix
 10 "a" meta.type-alias.tnix entity.name.type.parameter.tnix
 10 "=" meta.type-alias.tnix keyword.operator.assignment.tnix
 10 "Showable" meta.type-alias.tnix entity.name.type.tnix
 10 "a" meta.type-alias.tnix entity.name.type.parameter.tnix
 10 "=>" meta.type-alias.tnix keyword.operator.type.constraint.tnix
 10 "a" meta.type-alias.tnix entity.name.type.parameter.tnix
 10 "->" meta.type-alias.tnix storage.type.function.arrow.tnix
 10 "String" meta.type-alias.tnix support.type.primitive.tnix
 10 ";" meta.type-alias.tnix punctuation.terminator.statement.tnix
 12 "declare" meta.declare.tnix storage.modifier.declare.tnix
 12 "\"" meta.declare.tnix string.quoted.double.tnix punctuation.definition.string.begin.tnix
 12 "./legacy/default.nix" meta.declare.tnix string.quoted.double.tnix
 12 "\"" meta.declare.tnix string.quoted.double.tnix punctuation.definition.string.end.tnix
 12 "{" meta.declare.tnix meta.declare.body.tnix punctuation.section.braces.begin.tnix
 13 "#" meta.declare.tnix meta.declare.body.tnix comment.line.number-sign.tnix punctuation.definition.comment.tnix
 13 " entries are signatures" meta.declare.tnix meta.declare.body.tnix comment.line.number-sign.tnix
 14 "default" meta.declare.tnix meta.declare.body.tnix meta.signature.tnix entity.name.function.tnix
 14 "::" meta.declare.tnix meta.declare.body.tnix meta.signature.tnix keyword.operator.type.annotation.tnix
 14 "{" meta.declare.tnix meta.declare.body.tnix meta.signature.tnix meta.type.record.tnix punctuation.section.braces.begin.tnix
 14 "name" meta.declare.tnix meta.declare.body.tnix meta.signature.tnix meta.type.record.tnix meta.type.field.tnix entity.other.attribute-name.tnix
 14 "::" meta.declare.tnix meta.declare.body.tnix meta.signature.tnix meta.type.record.tnix meta.type.field.tnix keyword.operator.type.annotation.tnix
 14 "String" meta.declare.tnix meta.declare.body.tnix meta.signature.tnix meta.type.record.tnix meta.type.field.tnix support.type.primitive.tnix
 14 ";" meta.declare.tnix meta.declare.body.tnix meta.signature.tnix meta.type.record.tnix meta.type.field.tnix punctuation.terminator.field.tnix
 14 "\"quoted-key\"" meta.declare.tnix meta.declare.body.tnix meta.signature.tnix meta.type.record.tnix meta.type.field.tnix string.quoted.double.tnix
 14 "::" meta.declare.tnix meta.declare.body.tnix meta.signature.tnix meta.type.record.tnix meta.type.field.tnix keyword.operator.type.annotation.tnix
 14 "Int" meta.declare.tnix meta.declare.body.tnix meta.signature.tnix meta.type.record.tnix meta.type.field.tnix support.type.primitive.tnix
 14 ";" meta.declare.tnix meta.declare.body.tnix meta.signature.tnix meta.type.record.tnix meta.type.field.tnix punctuation.terminator.field.tnix
 14 "}" meta.declare.tnix meta.declare.body.tnix meta.signature.tnix meta.type.record.tnix punctuation.section.braces.end.tnix
 14 ";" meta.declare.tnix meta.declare.body.tnix meta.signature.tnix punctuation.terminator.signature.tnix
 15 "mkPkg" meta.declare.tnix meta.declare.body.tnix meta.signature.tnix entity.name.function.tnix
 15 "::" meta.declare.tnix meta.declare.body.tnix meta.signature.tnix keyword.operator.type.annotation.tnix
 15 "{" meta.declare.tnix meta.declare.body.tnix meta.signature.tnix meta.type.record.tnix punctuation.section.braces.begin.tnix
 15 "name" meta.declare.tnix meta.declare.body.tnix meta.signature.tnix meta.type.record.tnix meta.type.field.tnix entity.other.attribute-name.tnix
 15 "::" meta.declare.tnix meta.declare.body.tnix meta.signature.tnix meta.type.record.tnix meta.type.field.tnix keyword.operator.type.annotation.tnix
 15 "String" meta.declare.tnix meta.declare.body.tnix meta.signature.tnix meta.type.record.tnix meta.type.field.tnix support.type.primitive.tnix
 15 ";" meta.declare.tnix meta.declare.body.tnix meta.signature.tnix meta.type.record.tnix meta.type.field.tnix punctuation.terminator.field.tnix
 15 "}" meta.declare.tnix meta.declare.body.tnix meta.signature.tnix meta.type.record.tnix punctuation.section.braces.end.tnix
 15 "->" meta.declare.tnix meta.declare.body.tnix meta.signature.tnix storage.type.function.arrow.tnix
 15 "Derivation" meta.declare.tnix meta.declare.body.tnix meta.signature.tnix entity.name.type.tnix
 15 ";" meta.declare.tnix meta.declare.body.tnix meta.signature.tnix punctuation.terminator.signature.tnix
 16 "}" meta.declare.tnix meta.declare.body.tnix punctuation.section.braces.end.tnix
 16 ";" meta.declare.tnix punctuation.terminator.statement.tnix
 18 "declare" meta.declare.tnix storage.modifier.declare.tnix
 18 "./lib.nix" meta.declare.tnix string.unquoted.path.tnix
 18 "{" meta.declare.tnix meta.declare.body.tnix punctuation.section.braces.begin.tnix
 18 "value" meta.declare.tnix meta.declare.body.tnix meta.signature.tnix entity.name.function.tnix
 18 "::" meta.declare.tnix meta.declare.body.tnix meta.signature.tnix keyword.operator.type.annotation.tnix
 18 "any" meta.declare.tnix meta.declare.body.tnix meta.signature.tnix support.type.primitive.gradual.tnix
 18 ";" meta.declare.tnix meta.declare.body.tnix meta.signature.tnix punctuation.terminator.signature.tnix
 18 "}" meta.declare.tnix meta.declare.body.tnix punctuation.section.braces.end.tnix
 18 ";" meta.declare.tnix punctuation.terminator.statement.tnix
